#-----------------------------------------------------------
# Vivado v2024.1 (64-bit)
# SW Build 5076996 on Wed May 22 18:36:09 MDT 2024
# IP Build 5075265 on Wed May 22 21:45:21 MDT 2024
# SharedData Build 5076995 on Wed May 22 18:29:18 MDT 2024
# Start of session at: Fri Apr 10 13:10:04 2026
# Process ID: 137858
# Current directory: /home/liujiawei/ALS_Silicon_Workspace/als-core/als_sys_project/als_sys_project.runs/synth_1
# Command line: vivado -log als_system_wrapper.vds -product Vivado -mode batch -messageDb vivado.pb -notrace -source als_system_wrapper.tcl
# Log file: /home/liujiawei/ALS_Silicon_Workspace/als-core/als_sys_project/als_sys_project.runs/synth_1/als_system_wrapper.vds
# Journal file: /home/liujiawei/ALS_Silicon_Workspace/als-core/als_sys_project/als_sys_project.runs/synth_1/vivado.jou
# Running On        :liujiawei-ubuntu
# Platform          :Ubuntu
# Operating System  :Ubuntu 22.04.5 LTS
# Processor Detail  :Intel(R) Core(TM) i5-3470 CPU @ 3.20GHz
# CPU Frequency     :3269.058 MHz
# CPU Physical cores:4
# CPU Logical cores :4
# Host memory       :25143 MB
# Swap memory       :2147 MB
# Total Virtual     :27291 MB
# Available Virtual :14788 MB
#-----------------------------------------------------------
source als_system_wrapper.tcl -notrace
